// Vitest Snapshot v1, https://vitest.dev/guide/snapshot.html

exports[`randParagraph() > continuously returns paragraph nodes with random string value when you call it more than once 1`] = `
{
  "children": [
    {
      "type": "text",
      "value": "Excepteur consectetur labore dolor id ullamco nostrud in nulla aliqua magna sint aliqua ",
    },
    {
      "children": [
        {
          "type": "text",
          "value": "amet dolore.",
        },
      ],
      "type": "strong",
    },
    {
      "type": "text",
      "value": "Velit excepteur voluptate officia aliquip aliqua lorem anim nisi mollit nisi mollit est labore.",
    },
    {
      "type": "text",
      "value": "Laborum aliqua dolor dolor sunt non reprehenderit eu do laborum sit.",
    },
    {
      "type": "text",
      "value": "Proident incididunt nostrud lorem nulla irure laborum labore.",
    },
    {
      "type": "text",
      "value": "Eiusmod sint ipsum voluptate veniam labore pariatur ad proident.",
    },
    {
      "type": "text",
      "value": "Id culpa sunt lorem laborum ullamco consequat et anim do ",
    },
    {
      "children": [
        {
          "type": "text",
          "value": "sit",
        },
      ],
      "type": "strong",
    },
    {
      "type": "text",
      "value": " aliquip non culpa elit.",
    },
    {
      "type": "text",
      "value": "Irure sint esse laboris in est ipsum ",
    },
    {
      "children": [
        {
          "type": "text",
          "value": "non",
        },
      ],
      "type": "emphasis",
    },
    {
      "type": "text",
      "value": " commodo consequat.",
    },
    {
      "type": "text",
      "value": "Velit non in ",
    },
    {
      "children": [
        {
          "type": "text",
          "value": "et id amet",
        },
      ],
      "type": "emphasis",
    },
    {
      "type": "text",
      "value": " ea.",
    },
  ],
  "type": "paragraph",
}
`;

exports[`randParagraph() > continuously returns paragraph nodes with random string value when you call it more than once 2`] = `
{
  "children": [
    {
      "type": "text",
      "value": "Est in deserunt pariatur esse nisi ut culpa.",
    },
    {
      "type": "text",
      "value": "Duis et dolor ipsum sit laborum elit quis sit consequat.",
    },
    {
      "type": "text",
      "value": "Mollit laboris veniam nisi do cupidatat enim laboris adipisicing pariatur in cillum consequat.",
    },
    {
      "type": "text",
      "value": "Ex velit enim reprehenderit amet magna occaecat laboris.",
    },
    {
      "type": "text",
      "value": "Duis officia ",
    },
    {
      "children": [
        {
          "type": "text",
          "value": "lorem exercitation",
        },
      ],
      "type": "emphasis",
    },
    {
      "type": "text",
      "value": " adipisicing ad pariatur anim commodo eu officia.",
    },
    {
      "type": "text",
      "value": "Anim ex elit est cillum amet laborum consequat sit velit reprehenderit adipisicing laborum officia ",
    },
    {
      "children": [
        {
          "type": "text",
          "value": "amet.",
        },
      ],
      "type": "emphasis",
    },
  ],
  "type": "paragraph",
}
`;

exports[`randParagraph() > continuously returns paragraph nodes with random string value when you call it more than once 3`] = `
{
  "children": [
    {
      "type": "text",
      "value": "In nulla laboris occaecat tempor ",
    },
    {
      "children": [
        {
          "type": "text",
          "value": "id.",
        },
      ],
      "type": "emphasis",
    },
    {
      "type": "text",
      "value": "Dolore laborum nostrud nulla fugiat irure proident reprehenderit est anim et qui ad sunt ",
    },
    {
      "children": [
        {
          "type": "text",
          "value": "sunt.",
        },
      ],
      "type": "strong",
    },
    {
      "type": "text",
      "value": "Cupidatat ipsum reprehenderit minim ut anim laborum est proident reprehenderit est exercitation.",
    },
    {
      "type": "text",
      "value": "Nulla aliquip ut do qui laborum ullamco reprehenderit est do dolor esse ",
    },
    {
      "type": "inlineCode",
      "value": "doloreEst",
    },
    {
      "type": "text",
      "value": "Officia labore enim aute nostrud.",
    },
  ],
  "type": "paragraph",
}
`;

exports[`randParagraph() > returns a paragraph node with random string value 1`] = `
{
  "children": [
    {
      "type": "text",
      "value": "Excepteur consectetur labore dolor id ullamco nostrud in nulla aliqua magna sint aliqua ",
    },
    {
      "children": [
        {
          "type": "text",
          "value": "amet dolore.",
        },
      ],
      "type": "strong",
    },
    {
      "type": "text",
      "value": "Velit excepteur voluptate officia aliquip aliqua lorem anim nisi mollit nisi mollit est labore.",
    },
    {
      "type": "text",
      "value": "Laborum aliqua dolor dolor sunt non reprehenderit eu do laborum sit.",
    },
    {
      "type": "text",
      "value": "Proident incididunt nostrud lorem nulla irure laborum labore.",
    },
    {
      "type": "text",
      "value": "Eiusmod sint ipsum voluptate veniam labore pariatur ad proident.",
    },
    {
      "type": "text",
      "value": "Id culpa sunt lorem laborum ullamco consequat et anim do ",
    },
    {
      "children": [
        {
          "type": "text",
          "value": "sit",
        },
      ],
      "type": "strong",
    },
    {
      "type": "text",
      "value": " aliquip non culpa elit.",
    },
    {
      "type": "text",
      "value": "Irure sint esse laboris in est ipsum ",
    },
    {
      "children": [
        {
          "type": "text",
          "value": "non",
        },
      ],
      "type": "emphasis",
    },
    {
      "type": "text",
      "value": " commodo consequat.",
    },
    {
      "type": "text",
      "value": "Velit non in ",
    },
    {
      "children": [
        {
          "type": "text",
          "value": "et id amet",
        },
      ],
      "type": "emphasis",
    },
    {
      "type": "text",
      "value": " ea.",
    },
  ],
  "type": "paragraph",
}
`;
