// Vitest Snapshot v1, https://vitest.dev/guide/snapshot.html

exports[`randParagraph() > continuously returns paragraph nodes with random string value when you call it more than once 1`] = `
{
  "children": [
    {
      "type": "text",
      "value": "dolore veniam",
    },
    {
      "type": "text",
      "value": "magna sint aliqua amet",
    },
    {
      "type": "text",
      "value": "aliqua",
    },
    {
      "type": "text",
      "value": "excepteur consectetur labore dolor id ullamco nostrud in",
    },
    {
      "children": [
        {
          "type": "text",
          "value": "occaecat commodo",
        },
      ],
      "type": "emphasis",
    },
    {
      "type": "text",
      "value": "lorem proident aute aute dolore consectetur",
    },
    {
      "type": "text",
      "value": "sit lorem sunt consequat sunt lorem ullamco",
    },
    {
      "type": "text",
      "value": "dolor sunt non reprehenderit eu do laborum",
    },
    {
      "type": "text",
      "value": "eiusmod ipsum laborum aliqua dolor",
    },
    {
      "type": "text",
      "value": "excepteur",
    },
    {
      "type": "text",
      "value": "pariatur",
    },
    {
      "children": [
        {
          "type": "text",
          "value": "eiusmod",
        },
      ],
      "type": "emphasis",
    },
    {
      "type": "text",
      "value": "proident est ut sint aliqua non",
    },
    {
      "type": "inlineCode",
      "value": "laborePariatur",
    },
    {
      "children": [
        {
          "type": "text",
          "value": "veniam",
        },
      ],
      "type": "emphasis",
    },
    {
      "type": "text",
      "value": "nulla exercitation incididunt in eiusmod sint ipsum",
    },
    {
      "children": [
        {
          "type": "text",
          "value": "non laboris",
        },
      ],
      "type": "strong",
    },
    {
      "children": [
        {
          "type": "text",
          "value": "duis",
        },
      ],
      "type": "strong",
    },
    {
      "children": [
        {
          "type": "text",
          "value": "enim officia",
        },
      ],
      "type": "strong",
    },
    {
      "children": [
        {
          "type": "text",
          "value": "exercitation",
        },
      ],
      "type": "strong",
    },
    {
      "type": "text",
      "value": "fugiat consectetur",
    },
    {
      "type": "inlineCode",
      "value": "consequat",
    },
    {
      "children": [
        {
          "type": "text",
          "value": "esse laboris in est ipsum",
        },
      ],
      "type": "strong",
    },
    {
      "type": "text",
      "value": "adipisicing elit commodo nulla quis irure",
    },
    {
      "children": [
        {
          "type": "text",
          "value": "est",
        },
      ],
      "type": "emphasis",
    },
    {
      "children": [
        {
          "type": "text",
          "value": "ex",
        },
      ],
      "type": "strong",
    },
    {
      "type": "text",
      "value": "sunt mollit eu excepteur lorem labore",
    },
    {
      "type": "inlineCode",
      "value": "quisSitConsequat",
    },
    {
      "type": "text",
      "value": "sit laborum elit",
    },
    {
      "type": "text",
      "value": "sunt aliqua incididunt duis et dolor ipsum",
    },
    {
      "children": [
        {
          "type": "text",
          "value": "est ex id occaecat id fugiat",
        },
      ],
      "type": "strong",
    },
    {
      "children": [
        {
          "type": "text",
          "value": "ut",
        },
      ],
      "type": "strong",
    },
  ],
  "type": "paragraph",
}
`;

exports[`randParagraph() > continuously returns paragraph nodes with random string value when you call it more than once 2`] = `
{
  "children": [
    {
      "children": [
        {
          "type": "text",
          "value": "do",
        },
      ],
      "type": "emphasis",
    },
    {
      "children": [
        {
          "type": "text",
          "value": "laboris veniam",
        },
      ],
      "type": "emphasis",
    },
    {
      "type": "text",
      "value": "officia irure culpa esse voluptate cillum laboris laboris",
    },
    {
      "type": "text",
      "value": "adipisicing ad pariatur anim commodo eu",
    },
    {
      "type": "text",
      "value": "officia lorem",
    },
    {
      "children": [
        {
          "type": "text",
          "value": "ea excepteur",
        },
      ],
      "type": "strong",
    },
    {
      "type": "inlineCode",
      "value": "enimFugiat",
    },
    {
      "type": "text",
      "value": "duis dolor officia amet nulla eiusmod",
    },
    {
      "type": "text",
      "value": "quis",
    },
  ],
  "type": "paragraph",
}
`;

exports[`randParagraph() > continuously returns paragraph nodes with random string value when you call it more than once 3`] = `
{
  "children": [
    {
      "type": "text",
      "value": "elit reprehenderit anim ex",
    },
    {
      "type": "text",
      "value": "nulla commodo in nulla laboris occaecat tempor id",
    },
    {
      "children": [
        {
          "type": "text",
          "value": "ipsum excepteur",
        },
      ],
      "type": "emphasis",
    },
    {
      "type": "inlineCode",
      "value": "doloreQuisEnimLabore",
    },
    {
      "type": "text",
      "value": "nostrud nulla reprehenderit ut",
    },
    {
      "type": "text",
      "value": "do sit id et aute consectetur dolore",
    },
    {
      "type": "text",
      "value": "esse id anim esse irure dolore labore",
    },
  ],
  "type": "paragraph",
}
`;

exports[`randParagraph() > returns a paragraph node with random string value 1`] = `
{
  "children": [
    {
      "type": "text",
      "value": "dolore veniam",
    },
    {
      "type": "text",
      "value": "magna sint aliqua amet",
    },
    {
      "type": "text",
      "value": "aliqua",
    },
    {
      "type": "text",
      "value": "excepteur consectetur labore dolor id ullamco nostrud in",
    },
    {
      "children": [
        {
          "type": "text",
          "value": "occaecat commodo",
        },
      ],
      "type": "emphasis",
    },
    {
      "type": "text",
      "value": "lorem proident aute aute dolore consectetur",
    },
    {
      "type": "text",
      "value": "sit lorem sunt consequat sunt lorem ullamco",
    },
    {
      "type": "text",
      "value": "dolor sunt non reprehenderit eu do laborum",
    },
    {
      "type": "text",
      "value": "eiusmod ipsum laborum aliqua dolor",
    },
    {
      "type": "text",
      "value": "excepteur",
    },
    {
      "type": "text",
      "value": "pariatur",
    },
    {
      "children": [
        {
          "type": "text",
          "value": "eiusmod",
        },
      ],
      "type": "emphasis",
    },
    {
      "type": "text",
      "value": "proident est ut sint aliqua non",
    },
    {
      "type": "inlineCode",
      "value": "laborePariatur",
    },
    {
      "children": [
        {
          "type": "text",
          "value": "veniam",
        },
      ],
      "type": "emphasis",
    },
    {
      "type": "text",
      "value": "nulla exercitation incididunt in eiusmod sint ipsum",
    },
    {
      "children": [
        {
          "type": "text",
          "value": "non laboris",
        },
      ],
      "type": "strong",
    },
    {
      "children": [
        {
          "type": "text",
          "value": "duis",
        },
      ],
      "type": "strong",
    },
    {
      "children": [
        {
          "type": "text",
          "value": "enim officia",
        },
      ],
      "type": "strong",
    },
    {
      "children": [
        {
          "type": "text",
          "value": "exercitation",
        },
      ],
      "type": "strong",
    },
    {
      "type": "text",
      "value": "fugiat consectetur",
    },
    {
      "type": "inlineCode",
      "value": "consequat",
    },
    {
      "children": [
        {
          "type": "text",
          "value": "esse laboris in est ipsum",
        },
      ],
      "type": "strong",
    },
    {
      "type": "text",
      "value": "adipisicing elit commodo nulla quis irure",
    },
    {
      "children": [
        {
          "type": "text",
          "value": "est",
        },
      ],
      "type": "emphasis",
    },
    {
      "children": [
        {
          "type": "text",
          "value": "ex",
        },
      ],
      "type": "strong",
    },
    {
      "type": "text",
      "value": "sunt mollit eu excepteur lorem labore",
    },
    {
      "type": "inlineCode",
      "value": "quisSitConsequat",
    },
    {
      "type": "text",
      "value": "sit laborum elit",
    },
    {
      "type": "text",
      "value": "sunt aliqua incididunt duis et dolor ipsum",
    },
    {
      "children": [
        {
          "type": "text",
          "value": "est ex id occaecat id fugiat",
        },
      ],
      "type": "strong",
    },
    {
      "children": [
        {
          "type": "text",
          "value": "ut",
        },
      ],
      "type": "strong",
    },
  ],
  "type": "paragraph",
}
`;
